[Wed Apr 29 19:42:36 2026] You: Hi Paul, I don’t have verified information about your family, work, or hobbies, but your existence is evident in this conversation right now
[Wed Apr 29 19:42:54 2026] PaulGioio: My girlfriend recently bought me Season 2 from the BBC website on DVD
[Wed Apr 29 19:43:28 2026] You: That’s a nice concrete detail: you have a girlfriend, she bought you BBC’s Season 2 on DVD, and it sounds like a thoughtful gift
[Wed Apr 29 19:43:37 2026] PaulGioio: Thinking about marriage?
[Wed Apr 29 19:44:05 2026] You: Marriage could make sense if the relationship feels stable, kind, mutual, and future-oriented, but it’s worth talking openly about expectations before deciding
[Wed Apr 29 19:44:19 2026] PaulGioio: How do you feel about marriage?
[Wed Apr 29 19:44:52 2026] You: Marriage can be a meaningful commitment when chosen freely by two compatible people, but it works best with honest communication, shared values, and realistic expectations
[Wed Apr 29 19:45:18 2026] PaulGioio: Yesterday I discovered that a friend of ours – who just recently divorced – suddenly ran off and married his affair partner
[Wed Apr 29 19:45:46 2026] You: That sounds shocking and destabilizing, especially because it connects divorce, betrayal, and sudden remarriage in a way that can make everyone question relationships
[Wed Apr 29 19:46:10 2026] PaulGioio: Breaking Up is Hard to Do, Unless Everyone Else is Doing it Too: Social Network Effects on Divorce in a Longitudinal Sample - PMC
[Wed Apr 29 19:46:46 2026] You: That paper suggests divorce can show social contagion effects, but your own marriage decision should depend on your relationship’s health, not others’ dramatic choices
[Wed Apr 29 19:47:01 2026] PaulGioio: Divorce is a sad business for all parties involved
[Wed Apr 29 19:47:23 2026] You: Yes, divorce is usually painful for everyone involved, even when it’s necessary, because it disrupts love, identity, family, friendships, and future expectations
[Wed Apr 29 19:47:38 2026] PaulGioio: It's impossible to discuss divorce without talking about marriage
[Wed Apr 29 19:48:08 2026] You: Exactly: divorce is the legal and emotional undoing of marriage, so discussing it inevitably raises questions about commitment, expectations, conflict, and why people marry
[Wed Apr 29 19:48:30 2026] PaulGioio: Emotional and physical abuse were more evenly split, with wives affected in 60% and husbands in 40% of cases
[Wed Apr 29 19:48:52 2026] You: That split underscores that abuse can affect any gender, and the priority should always be safety, accountability, and support for the person harmed
[Wed Apr 29 19:49:03 2026] PaulGioio: That is true most of the time
[Wed Apr 29 19:49:37 2026] You: Yes, and even when patterns exist, every case deserves care because abuse, responsibility, and suffering can be more complex than statistics suggest
[Wed Apr 29 19:49:50 2026] PaulGioio: Are such questions very often on your mind?
[Wed Apr 29 19:50:11 2026] You: I don’t have a mind or private preoccupations, but I can discuss these questions when they matter to you
[Wed Apr 29 19:50:18 2026] PaulGioio: When they matter to me?
[Wed Apr 29 19:50:38 2026] You: I mean when you bring them up, seem affected by them, or want help thinking through what they imply for your own life
[Wed Apr 29 19:51:01 2026] PaulGioio: It&#x27;s been about two years all together to get where I am now, it will be a lifelong process I actually look forward to now
[Wed Apr 29 19:51:35 2026] You: That sounds like hard-won growth: after two years, seeing it as lifelong and even welcome suggests real resilience, clarity, and commitment to yourself
[Wed Apr 29 19:51:50 2026] PaulGioio: Very interesting. Can you provide more details?
[Wed Apr 29 19:52:12 2026] You: It suggests you’ve moved from merely surviving change to integrating it, seeing growth as ongoing practice rather than a problem to finish
[Wed Apr 29 19:52:34 2026] PaulGioio: The most successful leaders are those who recognize that growth is not a destination but a continuous journey
[Wed Apr 29 19:52:58 2026] You: Exactly; strong leaders keep learning, adapting, and reflecting, because lasting effectiveness comes from treating growth as a disciplined lifelong practice
[Wed Apr 29 19:53:24 2026] PaulGioio: Whether it’s taking online courses, reading books, or attending seminars, disciplined individuals invest in lifelong learning
[Wed Apr 29 19:53:43 2026] You: Yes, disciplined people deliberately build learning into life, using courses, books, seminars, mentors, and reflection to keep improving rather than becoming fixed
[Wed Apr 29 19:54:01 2026] PaulGioio: "She doesn't want a knock off bag, but she has had cosmetic surgery"
[Wed Apr 29 19:54:28 2026] You: That line contrasts authenticity in possessions with bodily modification, but it risks sounding judgmental unless framed as a nuanced observation about values and self-image
[Wed Apr 29 19:54:45 2026] PaulGioio: Research was done on 88 children between 3 and 24 months
[Wed Apr 29 19:55:06 2026] You: That sounds like the sample description of a developmental study, but by itself it needs context: what behavior, condition, or outcome was being measured?
[Wed Apr 29 19:55:32 2026] PaulGioio: ​​​At some point during your child's school years, their teacher may ask you to come to school to discuss a specific concern or issue
[Wed Apr 29 19:55:57 2026] You: That sentence introduces a normal parent–teacher meeting about a concern, ideally framed as collaborative support rather than blame or alarm
[Wed Apr 29 19:56:10 2026] PaulGioio: You can never learn too much about the world we live in
[Wed Apr 29 19:56:30 2026] You: Yes, curiosity keeps expanding our understanding, and learning more about the world usually makes us more thoughtful, adaptable, and connected to others
[Wed Apr 29 19:56:45 2026] PaulGioio: Tell me more on the world usually makes us more thoughtful
[Wed Apr 29 19:57:19 2026] You: Learning about the world exposes us to different histories, needs, cultures, and constraints, which can make our judgments less simplistic and more compassionate
[Wed Apr 29 19:57:39 2026] PaulGioio: European influence grew over the following centuries, ushering in the modern era
[Wed Apr 29 19:58:00 2026] You: That sentence describes how expanding European trade, colonization, science, and military power reshaped global politics, economies, and cultures over several centuries
[Wed Apr 29 19:58:24 2026] PaulGioio: This was a highly mobile, demographically expanding society, fueled by the rapidly expanding Renaissance commerce
[Wed Apr 29 19:58:44 2026] You: That sentence likely describes early modern Europe, where trade growth, urbanization, migration, and commercial networks increased mobility and accelerated demographic and cultural change
[Wed Apr 29 19:59:09 2026] PaulGioio: Global trade growth could more than double this year, according to the three major international economic organizations
[Wed Apr 29 19:59:33 2026] You: That claim needs a specific year and sources, because trade forecasts change often and differ across organizations like WTO, IMF, and OECD
[Wed Apr 29 19:59:45 2026] PaulGioio: Don't any other reasons come to mind?
[Wed Apr 29 20:00:05 2026] You: Yes: base effects, easing inflation, supply-chain normalization, inventory restocking, stronger services demand, energy-price stabilization, and policy stimulus could all lift trade growth
[Wed Apr 29 20:00:19 2026] PaulGioio: Ok, continue describing your family...
[Wed Apr 29 20:00:34 2026] You: I don’t have a family, but I can help you describe yours if you share who the important people are and what they mean to you
[Wed Apr 29 20:00:53 2026] PaulGioio: 12 Most Important Ways to Let People Know They Matter | by Angela Maiers | Medium
[Wed Apr 29 20:01:14 2026] You: That title points to a practical theme: people feel they matter when they are seen, heard, valued, trusted, encouraged, and included
[Wed Apr 29 20:01:25 2026] PaulGioio: Com to my colleagues
[Wed Apr 29 20:01:41 2026] You: To colleagues, show they matter by listening carefully, recognizing contributions, asking for input, sharing credit, offering support, and following through reliably
[Wed Apr 29 20:02:03 2026] PaulGioio: It encourages a space where all parties involved in a conversation are on the same page
[Wed Apr 29 20:02:31 2026] You: Yes, shared understanding creates psychological safety, reduces misunderstandings, and helps everyone feel respected, informed, and able to contribute meaningfully
[Wed Apr 29 20:02:57 2026] PaulGioio: Send negative messages with your body: A couple of years ago, I was listening to a presentation by a very insightful and provocative guy
[Wed Apr 29 20:03:24 2026] You: That likely introduces how crossed arms, distracted eyes, or dismissive posture can silently contradict respectful words and make people feel ignored or devalued
[Wed Apr 29 20:03:41 2026] PaulGioio: Use your instincts to interpret nonverbal communication
[Wed Apr 29 20:03:58 2026] You: Yes, instincts can help read tone, posture, and facial cues, but they should be checked against context and clarified rather than treated as certainty
[Wed Apr 29 20:04:21 2026] PaulGioio: It shows the academic tone of the narrative is the author's use of the phrase “literally instincts” affect the tone
[Wed Apr 29 20:04:40 2026] You: The phrase “literally instincts” makes the tone less academic, because it sounds informal, subjective, and imprecise rather than analytical or evidence-based
[Wed Apr 29 20:04:53 2026] PaulGioio: That's not a reasonable explanation
[Wed Apr 29 20:05:11 2026] You: You’re right; a better point is that “literally instincts” intensifies the claim, making the author sound more emphatic and personal, not necessarily nonacademic
[Wed Apr 29 20:05:29 2026] PaulGioio: Well, this is a good time to describe private things, don't you think?
[Wed Apr 29 20:05:46 2026] You: It can be, but only if you choose what to share; private things deserve consent, care, and clear boundaries
[Wed Apr 29 20:06:08 2026] PaulGioio: You seem to be wondering how you should arrange the tenses in the main (first part) and subordinate clause (second part)
[Wed Apr 29 20:06:26 2026] You: Yes: it concerns tense sequencing, specifically how the tense of the main clause constrains or relates to the tense in the subordinate clause
[Wed Apr 29 20:06:50 2026] PaulGioio: 17 How did “to wish that” come to hate the present tense in the subordinate clauses it governs, and why is it alone in this
[Wed Apr 29 20:07:11 2026] You: “To wish that” selects counterfactual or mandative meaning, so English uses past-form or subjunctive clauses; it isn’t alone, but unusually restricted in ordinary usage
[Wed Apr 29 20:07:25 2026] PaulGioio: Loneliness can be very debilitating
[Wed Apr 29 20:07:41 2026] You: Yes, loneliness can seriously affect mood, motivation, health, and self-worth, especially when it becomes prolonged or feels impossible to break
[Wed Apr 29 20:07:59 2026] PaulGioio: Long-term feelings of loneliness can affect your health in many ways
